# serializer version: 1
# name: test_legacy_platforms_setup_and_execution[binary_sensor_state]
  None
# ---
# name: test_legacy_platforms_setup_and_execution[button_state]
  None
# ---
# name: test_legacy_platforms_setup_and_execution[climate_state]
  None
# ---
# name: test_legacy_platforms_setup_and_execution[sensor_energy_state]
  None
# ---
# name: test_legacy_platforms_setup_and_execution[switch_state]
  None
# ---
